Info: Starting: Create testbench Platform Designer system
Info: C:/intelFPGA/17.1/hls/examples/image_downsample/a.prj/components/resize/resize/testbench/resize.ipx
Info: qsys-generate C:\intelFPGA\17.1\hls\examples\image_downsample\a.prj\components\resize\resize.qsys --testbench=STANDARD --output-directory=C:\intelFPGA\17.1\hls\examples\image_downsample\a.prj\components\resize --family="Cyclone V" --part=5CSEMA4U23C6
Progress: Loading resize/resize.qsys
Progress: Reading input file
Progress: Adding resize_internal_inst [resize_internal 1.0]
Progress: Parameterizing module resize_internal_inst
Progress: Building connections
Progress: Parameterizing connections
Progress: Validating
Progress: Done reading input file
Info: qsys-generate succeeded.
Info: Loading IP catalog for testbench.
Progress: 
Progress: 
Progress: 
Progress: (2) searching C:/intelfpga/17.1/quartus/sopc_builder/bin/root_components.ipx (ipx file)
Info: Reading index C:\intelfpga\17.1\quartus\sopc_builder\bin\root_components.ipx
Info: C:\intelfpga\17.1\quartus\sopc_builder\bin\root_components.ipx: Loading now from components.ipx
Info: Reading index C:\intelfpga\17.1\quartus\sopc_builder\bin\ip_component_categories.ipx
Info: C:\intelfpga\17.1\quartus\sopc_builder\bin\ip_component_categories.ipx described 0 plugins, 0 paths, in 0.00 seconds
Info: C:/intelfpga/17.1/quartus/sopc_builder/bin/ip_component_categories.ipx matched 1 files in 0.00 seconds
Info: C:/intelFPGA/17.1/hls/examples/image_downsample/a.prj/components/resize/resize/testbench/ip/**/* matched 0 files in 0.00 seconds
Info: Reading index C:\intelFPGA\17.1\hls\examples\image_downsample\a.prj\components\resize\resize\testbench\resize.ipx
Progress: Loading resize/resize.qsys
Progress: Loading resize/resize_internal_hw.tcl
Info: C:/intelFPGA/17.1/hls/examples/image_downsample/a.prj/components/resize/* matched 10 files in 0.06 seconds
Info: C:/intelFPGA/17.1/hls/examples/image_downsample/a.prj/components/resize/ip/**/* matched 152 files in 0.02 seconds
Info: C:/intelFPGA/17.1/hls/examples/image_downsample/a.prj/components/resize/*/* matched 162 files in 0.01 seconds
Info: C:\intelFPGA\17.1\hls\examples\image_downsample\a.prj\components\resize\resize\testbench\resize.ipx described 0 plugins, 3 paths, in 0.10 seconds
Info: C:/intelFPGA/17.1/hls/examples/image_downsample/a.prj/components/resize/resize/testbench/* matched 4 files in 0.10 seconds
Info: C:/intelFPGA/17.1/hls/examples/image_downsample/a.prj/components/resize/resize/testbench/*/* matched 0 files in 0.00 seconds
Info: C:/Users/sarina/.altera.quartus/ip/17.1/**/* matched 0 files in 0.00 seconds
Info: C:/intelfpga/17.1/quartus/sopc_builder/bin/$$QUARTUS_IP_PROJECTDIR/* matched 0 files in 0.00 seconds
Info: C:/intelfpga/17.1/quartus/sopc_builder/bin/$$QUARTUS_IP_USERDIR/* matched 0 files in 0.00 seconds
Info: C:/intelfpga/17.1/quartus/sopc_builder/bin/$$QUARTUS_IP_GLOBALDIR/* matched 0 files in 0.00 seconds
Info: Reading index C:\intelfpga\17.1\ip\altera\altera_components.ipx
Info: C:\intelfpga\17.1\ip\altera\altera_components.ipx described 2005 plugins, 0 paths, in 0.15 seconds
Info: C:/intelfpga/17.1/ip/**/* matched 138 files in 0.16 seconds
Info: C:/intelfpga/ip/**/* matched 0 files in 0.00 seconds
Info: Reading index C:\intelfpga\17.1\quartus\sopc_builder\builtin.ipx
Info: C:\intelfpga\17.1\quartus\sopc_builder\builtin.ipx described 83 plugins, 0 paths, in 0.01 seconds
Info: C:/intelfpga/17.1/quartus/sopc_builder/**/* matched 8 files in 0.01 seconds
Info: Reading index C:\intelfpga\17.1\quartus\common\librarian\factories\index.ipx
Info: C:\intelfpga\17.1\quartus\common\librarian\factories\index.ipx described 151 plugins, 0 paths, in 0.01 seconds
Info: C:/intelfpga/17.1/quartus/common/librarian/factories/**/* matched 4 files in 0.01 seconds
Info: C:/intelfpga/17.1/quartus/sopc_builder/bin/$IP_IPX_PATH matched 1 files in 0.00 seconds
Info: C:\intelfpga\17.1\quartus\sopc_builder\bin\root_components.ipx described 0 plugins, 13 paths, in 0.29 seconds
Info: C:/intelfpga/17.1/quartus/sopc_builder/bin/root_components.ipx matched 1 files in 0.29 seconds
Progress: 
Progress: 
Progress: 
Info: Running script C:/intelfpga/17.1/quartus/sopc_builder/bin/tbgen.tcl
Info: send_message Info TB_Gen: QSYS Testbench Generator Rev: $Revision: #1 $
Info: TB_Gen: QSYS Testbench Generator Rev: $Revision: #1 $
Info: get_module_property NAME
Info: send_message Info TB_Gen: System design is: resize
Info: TB_Gen: System design is: resize
Info: get_interfaces 
Info: get_connections 
Info: get_interface_property call EXPORT_OF
Info: get_instance_property resize_internal_inst CLASS_NAME
Info: get_instance_assignment resize_internal_inst testbench.partner.map.call
Info: get_interface_property clock EXPORT_OF
Info: get_instance_property resize_internal_inst CLASS_NAME
Info: get_instance_assignment resize_internal_inst testbench.partner.map.clock
Info: get_interface_property cols EXPORT_OF
Info: get_instance_property resize_internal_inst CLASS_NAME
Info: get_instance_assignment resize_internal_inst testbench.partner.map.cols
Info: get_interface_property original_image EXPORT_OF
Info: get_instance_property resize_internal_inst CLASS_NAME
Info: get_instance_assignment resize_internal_inst testbench.partner.map.original_image
Info: get_interface_property ratio EXPORT_OF
Info: get_instance_property resize_internal_inst CLASS_NAME
Info: get_instance_assignment resize_internal_inst testbench.partner.map.ratio
Info: get_interface_property reset EXPORT_OF
Info: get_instance_property resize_internal_inst CLASS_NAME
Info: get_instance_assignment resize_internal_inst testbench.partner.map.reset
Info: get_interface_property resized_image EXPORT_OF
Info: get_instance_property resize_internal_inst CLASS_NAME
Info: get_instance_assignment resize_internal_inst testbench.partner.map.resized_image
Info: get_interface_property return EXPORT_OF
Info: get_instance_property resize_internal_inst CLASS_NAME
Info: get_instance_assignment resize_internal_inst testbench.partner.map.return
Info: get_interface_property rows EXPORT_OF
Info: get_instance_property resize_internal_inst CLASS_NAME
Info: get_instance_assignment resize_internal_inst testbench.partner.map.rows
Info: send_message Info TB_Gen: Creating testbench system : resize_tb with all standard BFMs
Info: TB_Gen: Creating testbench system : resize_tb with all standard BFMs
Info: create_system resize_tb
Info: add_instance resize_inst resize 
Info: set_use_testbench_naming_pattern true resize
Info: get_instance_interfaces resize_inst
Info: get_instance_interface_property resize_inst call CLASS_NAME
Info: get_instance_interface_property resize_inst clock CLASS_NAME
Info: get_instance_interface_property resize_inst cols CLASS_NAME
Info: get_instance_interface_property resize_inst original_image CLASS_NAME
Info: get_instance_interface_property resize_inst ratio CLASS_NAME
Info: get_instance_interface_property resize_inst reset CLASS_NAME
Info: get_instance_interface_property resize_inst resized_image CLASS_NAME
Info: get_instance_interface_property resize_inst return CLASS_NAME
Info: get_instance_interface_property resize_inst rows CLASS_NAME
Info: get_instance_interface_property resize_inst clock CLASS_NAME
Info: send_message Info TB_Gen: clock_sink found: clock
Info: TB_Gen: clock_sink found: clock
Info: get_instance_interface_property resize_inst clock CLASS_NAME
Info: add_instance resize_inst_clock_bfm altera_avalon_clock_source 
Info: get_instance_property resize_inst_clock_bfm CLASS_NAME
Info: get_instance_interface_parameter_value resize_inst clock clockRate
Info: send_message Warning TB_Gen: clockRate is less than 1Hz; setting to 50MHz
Warning: TB_Gen: clockRate is less than 1Hz; setting to 50MHz
Info: set_instance_parameter_value resize_inst_clock_bfm CLOCK_RATE 50000000
Info: set_instance_parameter_value resize_inst_clock_bfm CLOCK_UNIT 1
Info: get_instance_property resize_inst_clock_bfm CLASS_NAME
Info: get_instance_interface_property resize_inst clock CLASS_NAME
Info: get_instance_interfaces resize_inst_clock_bfm
Info: get_instance_interface_property resize_inst_clock_bfm clk CLASS_NAME
Info: add_connection resize_inst_clock_bfm.clk resize_inst.clock
Info: get_instance_interface_property resize_inst reset CLASS_NAME
Info: send_message Info TB_Gen: reset_sink found: reset
Info: TB_Gen: reset_sink found: reset
Info: get_instance_interface_property resize_inst reset CLASS_NAME
Info: add_instance resize_inst_reset_bfm altera_avalon_reset_source 
Info: get_instance_property resize_inst_reset_bfm CLASS_NAME
Info: get_instance_interface_ports resize_inst reset
Info: get_instance_interface_port_property resize_inst reset resetn ROLE
Info: get_instance_interface_port_property resize_inst reset resetn ROLE
Info: set_instance_parameter_value resize_inst_reset_bfm ASSERT_HIGH_RESET 0
Info: set_instance_parameter_value resize_inst_reset_bfm INITIAL_RESET_CYCLES 50
Info: get_instance_property resize_inst_reset_bfm CLASS_NAME
Info: get_instance_interfaces resize_inst_reset_bfm
Info: get_instance_interface_property resize_inst_reset_bfm clk CLASS_NAME
Info: get_instance_interface_property resize_inst_reset_bfm reset CLASS_NAME
Info: get_instance_property resize_inst_reset_bfm CLASS_NAME
Info: get_instance_interface_parameter_value resize_inst reset associatedClock
Info: get_instance_interface_property resize_inst clock CLASS_NAME
Info: get_instance_interfaces resize_inst_clock_bfm
Info: get_instance_interface_property resize_inst_clock_bfm clk CLASS_NAME
Info: add_connection resize_inst_clock_bfm.clk resize_inst_reset_bfm.clk
Info: get_instance_interface_property resize_inst reset CLASS_NAME
Info: get_instance_interfaces resize_inst_reset_bfm
Info: get_instance_interface_property resize_inst_reset_bfm clk CLASS_NAME
Info: get_instance_interface_property resize_inst_reset_bfm reset CLASS_NAME
Info: add_connection resize_inst_reset_bfm.reset resize_inst.reset
Info: get_instance_interface_property resize_inst call CLASS_NAME
Info: send_message Info TB_Gen: conduit_end found: call
Info: TB_Gen: conduit_end found: call
Info: get_instance_interface_property resize_inst call CLASS_NAME
Info: add_instance resize_inst_call_bfm altera_conduit_bfm 
Info: get_instance_property resize_inst_call_bfm CLASS_NAME
Info: get_instance_interface_parameter_value resize_inst call associatedClock
Info: get_instance_interface_parameter_value resize_inst call associatedReset
Info: get_instance_interface_ports resize_inst call
Info: get_instance_interface_port_property resize_inst call busy ROLE
Info: get_instance_interface_port_property resize_inst call busy WIDTH
Info: get_instance_interface_port_property resize_inst call busy DIRECTION
Info: get_instance_interface_port_property resize_inst call start ROLE
Info: get_instance_interface_port_property resize_inst call start WIDTH
Info: get_instance_interface_port_property resize_inst call start DIRECTION
Info: set_instance_parameter_value resize_inst_call_bfm CLOCKED_SIGNAL 1
Info: set_instance_parameter_value resize_inst_call_bfm ENABLE_RESET 1
Info: set_instance_parameter_value resize_inst_call_bfm SIGNAL_ROLES stall valid
Info: set_instance_parameter_value resize_inst_call_bfm SIGNAL_WIDTHS 1 1
Info: set_instance_parameter_value resize_inst_call_bfm SIGNAL_DIRECTIONS input output
Info: get_instance_property resize_inst_call_bfm CLASS_NAME
Info: get_instance_interfaces resize_inst_call_bfm
Info: get_instance_interface_property resize_inst_call_bfm clk CLASS_NAME
Info: get_instance_interface_property resize_inst_call_bfm conduit CLASS_NAME
Info: get_instance_interface_property resize_inst_call_bfm reset CLASS_NAME
Info: get_instance_property resize_inst_call_bfm CLASS_NAME
Info: get_instance_interface_parameter_value resize_inst call associatedClock
Info: get_instance_interface_property resize_inst clock CLASS_NAME
Info: get_instance_interfaces resize_inst_clock_bfm
Info: get_instance_interface_property resize_inst_clock_bfm clk CLASS_NAME
Info: add_connection resize_inst_clock_bfm.clk resize_inst_call_bfm.clk
Info: get_instance_interfaces resize_inst_call_bfm
Info: get_instance_interface_property resize_inst_call_bfm clk CLASS_NAME
Info: get_instance_interface_property resize_inst_call_bfm conduit CLASS_NAME
Info: get_instance_interface_property resize_inst_call_bfm reset CLASS_NAME
Info: get_instance_property resize_inst_call_bfm CLASS_NAME
Info: get_instance_interface_parameter_value resize_inst call associatedReset
Info: get_instance_interface_property resize_inst reset CLASS_NAME
Info: get_instance_interfaces resize_inst_reset_bfm
Info: get_instance_interface_property resize_inst_reset_bfm clk CLASS_NAME
Info: get_instance_interface_property resize_inst_reset_bfm reset CLASS_NAME
Info: add_connection resize_inst_reset_bfm.reset resize_inst_call_bfm.reset
Info: get_instance_interface_property resize_inst call CLASS_NAME
Info: get_instance_interfaces resize_inst_call_bfm
Info: get_instance_interface_property resize_inst_call_bfm clk CLASS_NAME
Info: get_instance_interface_property resize_inst_call_bfm conduit CLASS_NAME
Info: get_instance_interface_property resize_inst_call_bfm reset CLASS_NAME
Info: add_connection resize_inst_call_bfm.conduit resize_inst.call
Info: get_instance_interface_property resize_inst cols CLASS_NAME
Info: send_message Info TB_Gen: conduit_end found: cols
Info: TB_Gen: conduit_end found: cols
Info: get_instance_interface_property resize_inst cols CLASS_NAME
Info: add_instance resize_inst_cols_bfm altera_conduit_bfm 
Info: get_instance_property resize_inst_cols_bfm CLASS_NAME
Info: get_instance_interface_parameter_value resize_inst cols associatedClock
Info: get_instance_interface_parameter_value resize_inst cols associatedReset
Info: get_instance_interface_ports resize_inst cols
Info: get_instance_interface_port_property resize_inst cols cols ROLE
Info: get_instance_interface_port_property resize_inst cols cols WIDTH
Info: get_instance_interface_port_property resize_inst cols cols DIRECTION
Info: set_instance_parameter_value resize_inst_cols_bfm CLOCKED_SIGNAL 1
Info: set_instance_parameter_value resize_inst_cols_bfm ENABLE_RESET 1
Info: set_instance_parameter_value resize_inst_cols_bfm SIGNAL_ROLES data
Info: set_instance_parameter_value resize_inst_cols_bfm SIGNAL_WIDTHS 32
Info: set_instance_parameter_value resize_inst_cols_bfm SIGNAL_DIRECTIONS output
Info: get_instance_property resize_inst_cols_bfm CLASS_NAME
Info: get_instance_interfaces resize_inst_cols_bfm
Info: get_instance_interface_property resize_inst_cols_bfm clk CLASS_NAME
Info: get_instance_interface_property resize_inst_cols_bfm conduit CLASS_NAME
Info: get_instance_interface_property resize_inst_cols_bfm reset CLASS_NAME
Info: get_instance_property resize_inst_cols_bfm CLASS_NAME
Info: get_instance_interface_parameter_value resize_inst cols associatedClock
Info: get_instance_interface_property resize_inst clock CLASS_NAME
Info: get_instance_interfaces resize_inst_clock_bfm
Info: get_instance_interface_property resize_inst_clock_bfm clk CLASS_NAME
Info: add_connection resize_inst_clock_bfm.clk resize_inst_cols_bfm.clk
Info: get_instance_interfaces resize_inst_cols_bfm
Info: get_instance_interface_property resize_inst_cols_bfm clk CLASS_NAME
Info: get_instance_interface_property resize_inst_cols_bfm conduit CLASS_NAME
Info: get_instance_interface_property resize_inst_cols_bfm reset CLASS_NAME
Info: get_instance_property resize_inst_cols_bfm CLASS_NAME
Info: get_instance_interface_parameter_value resize_inst cols associatedReset
Info: get_instance_interface_property resize_inst reset CLASS_NAME
Info: get_instance_interfaces resize_inst_reset_bfm
Info: get_instance_interface_property resize_inst_reset_bfm clk CLASS_NAME
Info: get_instance_interface_property resize_inst_reset_bfm reset CLASS_NAME
Info: add_connection resize_inst_reset_bfm.reset resize_inst_cols_bfm.reset
Info: get_instance_interface_property resize_inst cols CLASS_NAME
Info: get_instance_interfaces resize_inst_cols_bfm
Info: get_instance_interface_property resize_inst_cols_bfm clk CLASS_NAME
Info: get_instance_interface_property resize_inst_cols_bfm conduit CLASS_NAME
Info: get_instance_interface_property resize_inst_cols_bfm reset CLASS_NAME
Info: add_connection resize_inst_cols_bfm.conduit resize_inst.cols
Info: get_instance_interface_property resize_inst original_image CLASS_NAME
Info: send_message Info TB_Gen: avalon_streaming_sink found: original_image
Info: TB_Gen: avalon_streaming_sink found: original_image
Info: get_instance_interface_property resize_inst original_image CLASS_NAME
Info: add_instance resize_inst_original_image_bfm altera_avalon_st_source_bfm 
Info: get_instance_property resize_inst_original_image_bfm CLASS_NAME
Info: get_instance_interface_parameter_value resize_inst original_image dataBitsPerSymbol
Info: get_instance_interface_parameter_value resize_inst original_image beatsPerCycle
Info: get_instance_interface_parameter_value resize_inst original_image symbolsPerBeat
Info: get_instance_interface_parameter_value resize_inst original_image maxChannel
Info: get_instance_interface_parameter_value resize_inst original_image readyLatency
Info: get_instance_interface_parameter_value resize_inst original_image errorDescriptor
Info: get_instance_interface_ports resize_inst original_image
Info: get_instance_interface_port_property resize_inst original_image original_image_data ROLE
Info: get_instance_interface_port_property resize_inst original_image original_image_data WIDTH
Info: get_instance_interface_port_property resize_inst original_image original_image_ready ROLE
Info: get_instance_interface_port_property resize_inst original_image original_image_valid ROLE
Info: set_instance_parameter_value resize_inst_original_image_bfm ST_NUMSYMBOLS 1
Info: set_instance_parameter_value resize_inst_original_image_bfm ST_SYMBOL_W 32
Info: set_instance_parameter_value resize_inst_original_image_bfm ST_MAX_CHANNELS 0
Info: set_instance_parameter_value resize_inst_original_image_bfm ST_BEATSPERCYCLE 1
Info: set_instance_parameter_value resize_inst_original_image_bfm ST_READY_LATENCY 0
Info: set_instance_parameter_value resize_inst_original_image_bfm ST_ERROR_DESCRIPTOR 
Info: set_instance_parameter_value resize_inst_original_image_bfm ST_CHANNEL_W 1
Info: set_instance_parameter_value resize_inst_original_image_bfm ST_EMPTY_W 1
Info: set_instance_parameter_value resize_inst_original_image_bfm ST_ERROR_W 1
Info: set_instance_parameter_value resize_inst_original_image_bfm USE_PACKET 0
Info: set_instance_parameter_value resize_inst_original_image_bfm USE_CHANNEL 0
Info: set_instance_parameter_value resize_inst_original_image_bfm USE_ERROR 0
Info: set_instance_parameter_value resize_inst_original_image_bfm USE_READY 1
Info: set_instance_parameter_value resize_inst_original_image_bfm USE_VALID 1
Info: set_instance_parameter_value resize_inst_original_image_bfm USE_EMPTY 0
Info: set_instance_parameter_value resize_inst_original_image_bfm VHDL_ID 0
Info: get_instance_property resize_inst_original_image_bfm CLASS_NAME
Info: get_instance_interfaces resize_inst_original_image_bfm
Info: get_instance_interface_property resize_inst_original_image_bfm clk CLASS_NAME
Info: get_instance_interface_property resize_inst_original_image_bfm clk_reset CLASS_NAME
Info: get_instance_interface_property resize_inst_original_image_bfm src CLASS_NAME
Info: get_instance_property resize_inst_original_image_bfm CLASS_NAME
Info: get_instance_interface_parameter_value resize_inst original_image associatedClock
Info: get_instance_interface_property resize_inst clock CLASS_NAME
Info: get_instance_interfaces resize_inst_clock_bfm
Info: get_instance_interface_property resize_inst_clock_bfm clk CLASS_NAME
Info: add_connection resize_inst_clock_bfm.clk resize_inst_original_image_bfm.clk
Info: get_instance_interfaces resize_inst_original_image_bfm
Info: get_instance_interface_property resize_inst_original_image_bfm clk CLASS_NAME
Info: get_instance_interface_property resize_inst_original_image_bfm clk_reset CLASS_NAME
Info: get_instance_interface_property resize_inst_original_image_bfm src CLASS_NAME
Info: get_instance_property resize_inst_original_image_bfm CLASS_NAME
Info: get_instance_interface_parameter_value resize_inst original_image associatedReset
Info: get_instance_interface_property resize_inst reset CLASS_NAME
Info: get_instance_interfaces resize_inst_reset_bfm
Info: get_instance_interface_property resize_inst_reset_bfm clk CLASS_NAME
Info: get_instance_interface_property resize_inst_reset_bfm reset CLASS_NAME
Info: add_connection resize_inst_reset_bfm.reset resize_inst_original_image_bfm.clk_reset
Info: get_instance_interface_property resize_inst original_image CLASS_NAME
Info: get_instance_interfaces resize_inst_original_image_bfm
Info: get_instance_interface_property resize_inst_original_image_bfm clk CLASS_NAME
Info: get_instance_interface_property resize_inst_original_image_bfm clk_reset CLASS_NAME
Info: get_instance_interface_property resize_inst_original_image_bfm src CLASS_NAME
Info: add_connection resize_inst_original_image_bfm.src resize_inst.original_image
Info: get_instance_interface_property resize_inst ratio CLASS_NAME
Info: send_message Info TB_Gen: conduit_end found: ratio
Info: TB_Gen: conduit_end found: ratio
Info: get_instance_interface_property resize_inst ratio CLASS_NAME
Info: add_instance resize_inst_ratio_bfm altera_conduit_bfm 
Info: get_instance_property resize_inst_ratio_bfm CLASS_NAME
Info: get_instance_interface_parameter_value resize_inst ratio associatedClock
Info: get_instance_interface_parameter_value resize_inst ratio associatedReset
Info: get_instance_interface_ports resize_inst ratio
Info: get_instance_interface_port_property resize_inst ratio ratio ROLE
Info: get_instance_interface_port_property resize_inst ratio ratio WIDTH
Info: get_instance_interface_port_property resize_inst ratio ratio DIRECTION
Info: set_instance_parameter_value resize_inst_ratio_bfm CLOCKED_SIGNAL 1
Info: set_instance_parameter_value resize_inst_ratio_bfm ENABLE_RESET 1
Info: set_instance_parameter_value resize_inst_ratio_bfm SIGNAL_ROLES data
Info: set_instance_parameter_value resize_inst_ratio_bfm SIGNAL_WIDTHS 32
Info: set_instance_parameter_value resize_inst_ratio_bfm SIGNAL_DIRECTIONS output
Info: get_instance_property resize_inst_ratio_bfm CLASS_NAME
Info: get_instance_interfaces resize_inst_ratio_bfm
Info: get_instance_interface_property resize_inst_ratio_bfm clk CLASS_NAME
Info: get_instance_interface_property resize_inst_ratio_bfm conduit CLASS_NAME
Info: get_instance_interface_property resize_inst_ratio_bfm reset CLASS_NAME
Info: get_instance_property resize_inst_ratio_bfm CLASS_NAME
Info: get_instance_interface_parameter_value resize_inst ratio associatedClock
Info: get_instance_interface_property resize_inst clock CLASS_NAME
Info: get_instance_interfaces resize_inst_clock_bfm
Info: get_instance_interface_property resize_inst_clock_bfm clk CLASS_NAME
Info: add_connection resize_inst_clock_bfm.clk resize_inst_ratio_bfm.clk
Info: get_instance_interfaces resize_inst_ratio_bfm
Info: get_instance_interface_property resize_inst_ratio_bfm clk CLASS_NAME
Info: get_instance_interface_property resize_inst_ratio_bfm conduit CLASS_NAME
Info: get_instance_interface_property resize_inst_ratio_bfm reset CLASS_NAME
Info: get_instance_property resize_inst_ratio_bfm CLASS_NAME
Info: get_instance_interface_parameter_value resize_inst ratio associatedReset
Info: get_instance_interface_property resize_inst reset CLASS_NAME
Info: get_instance_interfaces resize_inst_reset_bfm
Info: get_instance_interface_property resize_inst_reset_bfm clk CLASS_NAME
Info: get_instance_interface_property resize_inst_reset_bfm reset CLASS_NAME
Info: add_connection resize_inst_reset_bfm.reset resize_inst_ratio_bfm.reset
Info: get_instance_interface_property resize_inst ratio CLASS_NAME
Info: get_instance_interfaces resize_inst_ratio_bfm
Info: get_instance_interface_property resize_inst_ratio_bfm clk CLASS_NAME
Info: get_instance_interface_property resize_inst_ratio_bfm conduit CLASS_NAME
Info: get_instance_interface_property resize_inst_ratio_bfm reset CLASS_NAME
Info: add_connection resize_inst_ratio_bfm.conduit resize_inst.ratio
Info: get_instance_interface_property resize_inst resized_image CLASS_NAME
Info: send_message Info TB_Gen: avalon_streaming_source found: resized_image
Info: TB_Gen: avalon_streaming_source found: resized_image
Info: get_instance_interface_property resize_inst resized_image CLASS_NAME
Info: add_instance resize_inst_resized_image_bfm altera_avalon_st_sink_bfm 
Info: get_instance_property resize_inst_resized_image_bfm CLASS_NAME
Info: get_instance_interface_parameter_value resize_inst resized_image dataBitsPerSymbol
Info: get_instance_interface_parameter_value resize_inst resized_image beatsPerCycle
Info: get_instance_interface_parameter_value resize_inst resized_image symbolsPerBeat
Info: get_instance_interface_parameter_value resize_inst resized_image maxChannel
Info: get_instance_interface_parameter_value resize_inst resized_image readyLatency
Info: get_instance_interface_parameter_value resize_inst resized_image errorDescriptor
Info: get_instance_interface_ports resize_inst resized_image
Info: get_instance_interface_port_property resize_inst resized_image resized_image_data ROLE
Info: get_instance_interface_port_property resize_inst resized_image resized_image_data WIDTH
Info: get_instance_interface_port_property resize_inst resized_image resized_image_ready ROLE
Info: get_instance_interface_port_property resize_inst resized_image resized_image_valid ROLE
Info: set_instance_parameter_value resize_inst_resized_image_bfm ST_NUMSYMBOLS 1
Info: set_instance_parameter_value resize_inst_resized_image_bfm ST_SYMBOL_W 32
Info: set_instance_parameter_value resize_inst_resized_image_bfm ST_MAX_CHANNELS 0
Info: set_instance_parameter_value resize_inst_resized_image_bfm ST_BEATSPERCYCLE 1
Info: set_instance_parameter_value resize_inst_resized_image_bfm ST_READY_LATENCY 0
Info: set_instance_parameter_value resize_inst_resized_image_bfm ST_ERROR_DESCRIPTOR 
Info: set_instance_parameter_value resize_inst_resized_image_bfm ST_CHANNEL_W 1
Info: set_instance_parameter_value resize_inst_resized_image_bfm ST_EMPTY_W 1
Info: set_instance_parameter_value resize_inst_resized_image_bfm ST_ERROR_W 1
Info: set_instance_parameter_value resize_inst_resized_image_bfm USE_PACKET 0
Info: set_instance_parameter_value resize_inst_resized_image_bfm USE_CHANNEL 0
Info: set_instance_parameter_value resize_inst_resized_image_bfm USE_ERROR 0
Info: set_instance_parameter_value resize_inst_resized_image_bfm USE_READY 1
Info: set_instance_parameter_value resize_inst_resized_image_bfm USE_VALID 1
Info: set_instance_parameter_value resize_inst_resized_image_bfm USE_EMPTY 0
Info: set_instance_parameter_value resize_inst_resized_image_bfm VHDL_ID 0
Info: get_instance_property resize_inst_resized_image_bfm CLASS_NAME
Info: get_instance_interfaces resize_inst_resized_image_bfm
Info: get_instance_interface_property resize_inst_resized_image_bfm clk CLASS_NAME
Info: get_instance_interface_property resize_inst_resized_image_bfm clk_reset CLASS_NAME
Info: get_instance_interface_property resize_inst_resized_image_bfm sink CLASS_NAME
Info: get_instance_property resize_inst_resized_image_bfm CLASS_NAME
Info: get_instance_interface_parameter_value resize_inst resized_image associatedClock
Info: get_instance_interface_property resize_inst clock CLASS_NAME
Info: get_instance_interfaces resize_inst_clock_bfm
Info: get_instance_interface_property resize_inst_clock_bfm clk CLASS_NAME
Info: add_connection resize_inst_clock_bfm.clk resize_inst_resized_image_bfm.clk
Info: get_instance_interfaces resize_inst_resized_image_bfm
Info: get_instance_interface_property resize_inst_resized_image_bfm clk CLASS_NAME
Info: get_instance_interface_property resize_inst_resized_image_bfm clk_reset CLASS_NAME
Info: get_instance_interface_property resize_inst_resized_image_bfm sink CLASS_NAME
Info: get_instance_property resize_inst_resized_image_bfm CLASS_NAME
Info: get_instance_interface_parameter_value resize_inst resized_image associatedReset
Info: get_instance_interface_property resize_inst reset CLASS_NAME
Info: get_instance_interfaces resize_inst_reset_bfm
Info: get_instance_interface_property resize_inst_reset_bfm clk CLASS_NAME
Info: get_instance_interface_property resize_inst_reset_bfm reset CLASS_NAME
Info: add_connection resize_inst_reset_bfm.reset resize_inst_resized_image_bfm.clk_reset
Info: get_instance_interface_property resize_inst resized_image CLASS_NAME
Info: get_instance_interfaces resize_inst_resized_image_bfm
Info: get_instance_interface_property resize_inst_resized_image_bfm clk CLASS_NAME
Info: get_instance_interface_property resize_inst_resized_image_bfm clk_reset CLASS_NAME
Info: get_instance_interface_property resize_inst_resized_image_bfm sink CLASS_NAME
Info: add_connection resize_inst.resized_image resize_inst_resized_image_bfm.sink
Info: get_instance_interface_property resize_inst return CLASS_NAME
Info: send_message Info TB_Gen: conduit_end found: return
Info: TB_Gen: conduit_end found: return
Info: get_instance_interface_property resize_inst return CLASS_NAME
Info: add_instance resize_inst_return_bfm altera_conduit_bfm 
Info: get_instance_property resize_inst_return_bfm CLASS_NAME
Info: get_instance_interface_parameter_value resize_inst return associatedClock
Info: get_instance_interface_parameter_value resize_inst return associatedReset
Info: get_instance_interface_ports resize_inst return
Info: get_instance_interface_port_property resize_inst return done ROLE
Info: get_instance_interface_port_property resize_inst return done WIDTH
Info: get_instance_interface_port_property resize_inst return done DIRECTION
Info: get_instance_interface_port_property resize_inst return stall ROLE
Info: get_instance_interface_port_property resize_inst return stall WIDTH
Info: get_instance_interface_port_property resize_inst return stall DIRECTION
Info: set_instance_parameter_value resize_inst_return_bfm CLOCKED_SIGNAL 1
Info: set_instance_parameter_value resize_inst_return_bfm ENABLE_RESET 1
Info: set_instance_parameter_value resize_inst_return_bfm SIGNAL_ROLES valid stall
Info: set_instance_parameter_value resize_inst_return_bfm SIGNAL_WIDTHS 1 1
Info: set_instance_parameter_value resize_inst_return_bfm SIGNAL_DIRECTIONS input output
Info: get_instance_property resize_inst_return_bfm CLASS_NAME
Info: get_instance_interfaces resize_inst_return_bfm
Info: get_instance_interface_property resize_inst_return_bfm clk CLASS_NAME
Info: get_instance_interface_property resize_inst_return_bfm conduit CLASS_NAME
Info: get_instance_interface_property resize_inst_return_bfm reset CLASS_NAME
Info: get_instance_property resize_inst_return_bfm CLASS_NAME
Info: get_instance_interface_parameter_value resize_inst return associatedClock
Info: get_instance_interface_property resize_inst clock CLASS_NAME
Info: get_instance_interfaces resize_inst_clock_bfm
Info: get_instance_interface_property resize_inst_clock_bfm clk CLASS_NAME
Info: add_connection resize_inst_clock_bfm.clk resize_inst_return_bfm.clk
Info: get_instance_interfaces resize_inst_return_bfm
Info: get_instance_interface_property resize_inst_return_bfm clk CLASS_NAME
Info: get_instance_interface_property resize_inst_return_bfm conduit CLASS_NAME
Info: get_instance_interface_property resize_inst_return_bfm reset CLASS_NAME
Info: get_instance_property resize_inst_return_bfm CLASS_NAME
Info: get_instance_interface_parameter_value resize_inst return associatedReset
Info: get_instance_interface_property resize_inst reset CLASS_NAME
Info: get_instance_interfaces resize_inst_reset_bfm
Info: get_instance_interface_property resize_inst_reset_bfm clk CLASS_NAME
Info: get_instance_interface_property resize_inst_reset_bfm reset CLASS_NAME
Info: add_connection resize_inst_reset_bfm.reset resize_inst_return_bfm.reset
Info: get_instance_interface_property resize_inst return CLASS_NAME
Info: get_instance_interfaces resize_inst_return_bfm
Info: get_instance_interface_property resize_inst_return_bfm clk CLASS_NAME
Info: get_instance_interface_property resize_inst_return_bfm conduit CLASS_NAME
Info: get_instance_interface_property resize_inst_return_bfm reset CLASS_NAME
Info: add_connection resize_inst_return_bfm.conduit resize_inst.return
Info: get_instance_interface_property resize_inst rows CLASS_NAME
Info: send_message Info TB_Gen: conduit_end found: rows
Info: TB_Gen: conduit_end found: rows
Info: get_instance_interface_property resize_inst rows CLASS_NAME
Info: add_instance resize_inst_rows_bfm altera_conduit_bfm 
Info: get_instance_property resize_inst_rows_bfm CLASS_NAME
Info: get_instance_interface_parameter_value resize_inst rows associatedClock
Info: get_instance_interface_parameter_value resize_inst rows associatedReset
Info: get_instance_interface_ports resize_inst rows
Info: get_instance_interface_port_property resize_inst rows rows ROLE
Info: get_instance_interface_port_property resize_inst rows rows WIDTH
Info: get_instance_interface_port_property resize_inst rows rows DIRECTION
Info: set_instance_parameter_value resize_inst_rows_bfm CLOCKED_SIGNAL 1
Info: set_instance_parameter_value resize_inst_rows_bfm ENABLE_RESET 1
Info: set_instance_parameter_value resize_inst_rows_bfm SIGNAL_ROLES data
Info: set_instance_parameter_value resize_inst_rows_bfm SIGNAL_WIDTHS 32
Info: set_instance_parameter_value resize_inst_rows_bfm SIGNAL_DIRECTIONS output
Info: get_instance_property resize_inst_rows_bfm CLASS_NAME
Info: get_instance_interfaces resize_inst_rows_bfm
Info: get_instance_interface_property resize_inst_rows_bfm clk CLASS_NAME
Info: get_instance_interface_property resize_inst_rows_bfm conduit CLASS_NAME
Info: get_instance_interface_property resize_inst_rows_bfm reset CLASS_NAME
Info: get_instance_property resize_inst_rows_bfm CLASS_NAME
Info: get_instance_interface_parameter_value resize_inst rows associatedClock
Info: get_instance_interface_property resize_inst clock CLASS_NAME
Info: get_instance_interfaces resize_inst_clock_bfm
Info: get_instance_interface_property resize_inst_clock_bfm clk CLASS_NAME
Info: add_connection resize_inst_clock_bfm.clk resize_inst_rows_bfm.clk
Info: get_instance_interfaces resize_inst_rows_bfm
Info: get_instance_interface_property resize_inst_rows_bfm clk CLASS_NAME
Info: get_instance_interface_property resize_inst_rows_bfm conduit CLASS_NAME
Info: get_instance_interface_property resize_inst_rows_bfm reset CLASS_NAME
Info: get_instance_property resize_inst_rows_bfm CLASS_NAME
Info: get_instance_interface_parameter_value resize_inst rows associatedReset
Info: get_instance_interface_property resize_inst reset CLASS_NAME
Info: get_instance_interfaces resize_inst_reset_bfm
Info: get_instance_interface_property resize_inst_reset_bfm clk CLASS_NAME
Info: get_instance_interface_property resize_inst_reset_bfm reset CLASS_NAME
Info: add_connection resize_inst_reset_bfm.reset resize_inst_rows_bfm.reset
Info: get_instance_interface_property resize_inst rows CLASS_NAME
Info: get_instance_interfaces resize_inst_rows_bfm
Info: get_instance_interface_property resize_inst_rows_bfm clk CLASS_NAME
Info: get_instance_interface_property resize_inst_rows_bfm conduit CLASS_NAME
Info: get_instance_interface_property resize_inst_rows_bfm reset CLASS_NAME
Info: add_connection resize_inst_rows_bfm.conduit resize_inst.rows
Info: send_message Info TB_Gen: Saving testbench system: resize_tb.qsys
Info: TB_Gen: Saving testbench system: resize_tb.qsys
Info: save_system resize_tb.qsys
Info: send_message Info TB_Gen: TBGEN SUCCESSFUL
Info: TB_Gen: TBGEN SUCCESSFUL
Info: Testbench system: C:/intelFPGA/17.1/hls/examples/image_downsample/a.prj/components/resize/resize/testbench/resize_tb.qsys
Info: Done
Info: qsys-generate C:\intelFPGA\17.1\hls\examples\image_downsample\a.prj\components\resize\resize.qsys --simulation=VERILOG --allow-mixed-language-simulation --testbench=STANDARD --testbench-simulation=VERILOG --allow-mixed-language-testbench-simulation --output-directory=C:\intelFPGA\17.1\hls\examples\image_downsample\a.prj\components\resize\resize\testbench\resize_tb\simulation --family="Cyclone V" --part=5CSEMA4U23C6
Progress: Loading testbench/resize_tb.qsys
Progress: Reading input file
Progress: Adding resize_inst [resize 1.0]
Progress: Parameterizing module resize_inst
Progress: Adding resize_inst_call_bfm [altera_conduit_bfm 17.1]
Progress: Parameterizing module resize_inst_call_bfm
Progress: Adding resize_inst_clock_bfm [altera_avalon_clock_source 17.1]
Progress: Parameterizing module resize_inst_clock_bfm
Progress: Adding resize_inst_cols_bfm [altera_conduit_bfm 17.1]
Progress: Parameterizing module resize_inst_cols_bfm
Progress: Adding resize_inst_original_image_bfm [altera_avalon_st_source_bfm 17.1]
Progress: Parameterizing module resize_inst_original_image_bfm
Progress: Adding resize_inst_ratio_bfm [altera_conduit_bfm 17.1]
Progress: Parameterizing module resize_inst_ratio_bfm
Progress: Adding resize_inst_reset_bfm [altera_avalon_reset_source 17.1]
Progress: Parameterizing module resize_inst_reset_bfm
Progress: Adding resize_inst_resized_image_bfm [altera_avalon_st_sink_bfm 17.1]
Progress: Parameterizing module resize_inst_resized_image_bfm
Progress: Adding resize_inst_return_bfm [altera_conduit_bfm 17.1]
Progress: Parameterizing module resize_inst_return_bfm
Progress: Adding resize_inst_rows_bfm [altera_conduit_bfm 17.1]
Progress: Parameterizing module resize_inst_rows_bfm
Progress: Building connections
Progress: Parameterizing connections
Progress: Validating
Progress: Done reading input file
Info: resize_tb.resize_inst_clock_bfm: Elaborate: altera_clock_source
Info: resize_tb.resize_inst_clock_bfm:            $Revision: #3 $
Info: resize_tb.resize_inst_clock_bfm:            $Date: 2017/09/19 $
Info: resize_tb.resize_inst_original_image_bfm: Use Packets set to zero - omitting src_startofpacket, src_endofpacket and src_empty ports
Info: resize_tb.resize_inst_original_image_bfm: Use Empty set to zero - omitting src_empty port
Info: resize_tb.resize_inst_original_image_bfm: Use Channels set to zero - omitting src_channel port
Info: resize_tb.resize_inst_original_image_bfm: Use Error set to zero - omitting src_error port
Info: resize_tb.resize_inst_reset_bfm: Elaborate: altera_reset_source
Info: resize_tb.resize_inst_reset_bfm:            $Revision: #3 $
Info: resize_tb.resize_inst_reset_bfm:            $Date: 2017/09/19 $
Info: resize_tb.resize_inst_reset_bfm: Reset is negatively asserted.
Info: resize_tb.resize_inst_resized_image_bfm: Use Packets set to zero - omitting sink_startofpacket, sink_endofpacket and sink_empty ports
Info: resize_tb.resize_inst_resized_image_bfm: Use Empty set to zero - omitting sink_empty port
Info: resize_tb.resize_inst_resized_image_bfm: Use Channels set to zero - omitting sink_channel port
Info: resize_tb.resize_inst_resized_image_bfm: Use Error set to zero - omitting sink_error port
Info: resize_tb: Generating resize_tb "resize_tb" for SIM_VERILOG
Info: resize_inst: "resize_tb" instantiated resize "resize_inst"
Info: resize_inst_call_bfm: "resize_tb" instantiated altera_conduit_bfm "resize_inst_call_bfm"
Info: resize_inst_clock_bfm: "resize_tb" instantiated altera_avalon_clock_source "resize_inst_clock_bfm"
Info: Reusing file C:/intelFPGA/17.1/hls/examples/image_downsample/a.prj/components/resize/resize/testbench/resize_tb/simulation/submodules/verbosity_pkg.sv
Info: resize_inst_cols_bfm: "resize_tb" instantiated altera_conduit_bfm "resize_inst_cols_bfm"
Info: Reusing file C:/intelFPGA/17.1/hls/examples/image_downsample/a.prj/components/resize/resize/testbench/resize_tb/simulation/submodules/verbosity_pkg.sv
Info: resize_inst_original_image_bfm: "resize_tb" instantiated altera_avalon_st_source_bfm "resize_inst_original_image_bfm"
Info: Reusing file C:/intelFPGA/17.1/hls/examples/image_downsample/a.prj/components/resize/resize/testbench/resize_tb/simulation/submodules/verbosity_pkg.sv
Info: resize_inst_reset_bfm: "resize_tb" instantiated altera_avalon_reset_source "resize_inst_reset_bfm"
Info: Reusing file C:/intelFPGA/17.1/hls/examples/image_downsample/a.prj/components/resize/resize/testbench/resize_tb/simulation/submodules/verbosity_pkg.sv
Info: resize_inst_resized_image_bfm: "resize_tb" instantiated altera_avalon_st_sink_bfm "resize_inst_resized_image_bfm"
Info: Reusing file C:/intelFPGA/17.1/hls/examples/image_downsample/a.prj/components/resize/resize/testbench/resize_tb/simulation/submodules/verbosity_pkg.sv
Info: Reusing file C:/intelFPGA/17.1/hls/examples/image_downsample/a.prj/components/resize/resize/testbench/resize_tb/simulation/submodules/avalon_utilities_pkg.sv
Info: resize_inst_return_bfm: "resize_tb" instantiated altera_conduit_bfm "resize_inst_return_bfm"
Info: Reusing file C:/intelFPGA/17.1/hls/examples/image_downsample/a.prj/components/resize/resize/testbench/resize_tb/simulation/submodules/verbosity_pkg.sv
Info: resize_internal_inst: "resize_inst" instantiated resize_internal "resize_internal_inst"
Info: resize_tb: Done "resize_tb" with 10 modules, 166 files
Info: qsys-generate succeeded.
Info: sim-script-gen --spd=C:\intelFPGA\17.1\hls\examples\image_downsample\a.prj\components\resize\resize_tb.spd --output-directory=C:/intelFPGA/17.1/hls/examples/image_downsample/a.prj/components/resize/resize/testbench/ --use-relative-paths=true
Info: Doing: ip-make-simscript --spd=C:\intelFPGA\17.1\hls\examples\image_downsample\a.prj\components\resize\resize_tb.spd --output-directory=C:/intelFPGA/17.1/hls/examples/image_downsample/a.prj/components/resize/resize/testbench/ --use-relative-paths=true
Info: Generating the following file(s) for MODELSIM simulator in C:/intelFPGA/17.1/hls/examples/image_downsample/a.prj/components/resize/resize/testbench/ directory:
Info: 	mentor/msim_setup.tcl
Info: Skipping VCS script generation since VHDL file $QUARTUS_INSTALL_DIR/eda/sim_lib/altera_syn_attributes.vhd is required for simulation
Info: Generating the following file(s) for VCSMX simulator in C:/intelFPGA/17.1/hls/examples/image_downsample/a.prj/components/resize/resize/testbench/ directory:
Info: 	synopsys/vcsmx/synopsys_sim.setup
Info: 	synopsys/vcsmx/vcsmx_setup.sh
Info: Generating the following file(s) for NCSIM simulator in C:/intelFPGA/17.1/hls/examples/image_downsample/a.prj/components/resize/resize/testbench/ directory:
Info: 	cadence/cds.lib
Info: 	cadence/hdl.var
Info: 	cadence/ncsim_setup.sh
Info: 	10 .cds.lib files in cadence/cds_libs/ directory
Info: Generating the following file(s) for RIVIERA simulator in C:/intelFPGA/17.1/hls/examples/image_downsample/a.prj/components/resize/resize/testbench/ directory:
Info: 	aldec/rivierapro_setup.tcl
Info: For information on how to simulate your IP, see the explanatory comments in the simulator-specific subdirectories under C:/intelFPGA/17.1/hls/examples/image_downsample/a.prj/components/resize/resize/testbench/.
Info: Regenerate these scripts whenever you make any change to any Quartus-generated IP in your project.
Info: Finished: Create testbench Platform Designer system
